export const snapshot = {};

snapshot[`depthFirst 1`] = `
[
  [
    [
      [
        [
          5,
        ],
      ],
      4,
    ],
    [
      [
        3,
      ],
      [
        2,
        [
          1,
        ],
        0,
      ],
    ],
  ],
  [
    [
      3,
    ],
    [
      2,
      [
        1,
      ],
      0,
    ],
  ],
  [
    2,
    [
      1,
    ],
    0,
  ],
  0,
  [
    1,
  ],
  1,
  2,
  [
    3,
  ],
  3,
  [
    [
      [
        5,
      ],
    ],
    4,
  ],
  4,
  [
    [
      5,
    ],
  ],
  [
    5,
  ],
  5,
]
`;
