// Jest Snapshot v1, https://goo.gl/fbAQLP

exports[`Id.create @escad/core/Test/test0 1`] = `"@escad/core/Test/test0"`;

exports[`Id.create Throws on duplicate 1`] = `"Duplicate ids created under @escad/core/Test/test0"`;

exports[`Id.create Throws on incorrect package name 1`] = `"Id.create: packageName mismatch; @escad/core attempted to create an id under @escad/incorrect"`;
