// Jest Snapshot v1, https://goo.gl/fbAQLP

exports[` 1`] = `
Array [
  Array [
    "a->b",
    Array [
      "call",
      1,
      "promiseResolve",
      -1,
    ],
  ],
  Array [
    "b->a",
    Array [
      "resolve",
      1,
      null,
      -1,
    ],
  ],
  Array [
    "a->b",
    Array [
      "call",
      2,
      "promiseResolve",
      0,
    ],
  ],
  Array [
    "b->a",
    Array [
      "resolve",
      2,
      null,
      0,
    ],
  ],
  Array [
    "b->a",
    Array [
      "call",
      1,
      "promiseResolve",
      1,
    ],
  ],
  Array [
    "a->b",
    Array [
      "resolve",
      1,
      null,
      1,
    ],
  ],
  Array [
    "a->b",
    Array [
      "call",
      3,
      "bouncingPromiseResolve",
      2,
      10,
    ],
  ],
  Array [
    "b->a",
    Array [
      "event",
      -1,
      "promiseResolveBounced",
      2,
      10,
    ],
  ],
  Array [
    "b->a",
    Array [
      "call",
      2,
      "bouncingPromiseResolve",
      2,
      9,
    ],
  ],
  Array [
    "a->b",
    Array [
      "event",
      -1,
      "promiseResolveBounced",
      2,
      9,
    ],
  ],
  Array [
    "a->b",
    Array [
      "call",
      4,
      "bouncingPromiseResolve",
      2,
      8,
    ],
  ],
  Array [
    "b->a",
    Array [
      "event",
      -1,
      "promiseResolveBounced",
      2,
      8,
    ],
  ],
  Array [
    "b->a",
    Array [
      "call",
      3,
      "bouncingPromiseResolve",
      2,
      7,
    ],
  ],
  Array [
    "a->b",
    Array [
      "event",
      -1,
      "promiseResolveBounced",
      2,
      7,
    ],
  ],
  Array [
    "a->b",
    Array [
      "call",
      5,
      "bouncingPromiseResolve",
      2,
      6,
    ],
  ],
  Array [
    "b->a",
    Array [
      "event",
      -1,
      "promiseResolveBounced",
      2,
      6,
    ],
  ],
  Array [
    "b->a",
    Array [
      "call",
      4,
      "bouncingPromiseResolve",
      2,
      5,
    ],
  ],
  Array [
    "a->b",
    Array [
      "event",
      -1,
      "promiseResolveBounced",
      2,
      5,
    ],
  ],
  Array [
    "a->b",
    Array [
      "call",
      6,
      "bouncingPromiseResolve",
      2,
      4,
    ],
  ],
  Array [
    "b->a",
    Array [
      "event",
      -1,
      "promiseResolveBounced",
      2,
      4,
    ],
  ],
  Array [
    "b->a",
    Array [
      "call",
      5,
      "bouncingPromiseResolve",
      2,
      3,
    ],
  ],
  Array [
    "a->b",
    Array [
      "event",
      -1,
      "promiseResolveBounced",
      2,
      3,
    ],
  ],
  Array [
    "a->b",
    Array [
      "call",
      7,
      "bouncingPromiseResolve",
      2,
      2,
    ],
  ],
  Array [
    "b->a",
    Array [
      "event",
      -1,
      "promiseResolveBounced",
      2,
      2,
    ],
  ],
  Array [
    "b->a",
    Array [
      "call",
      6,
      "bouncingPromiseResolve",
      2,
      1,
    ],
  ],
  Array [
    "a->b",
    Array [
      "event",
      -1,
      "promiseResolveBounced",
      2,
      1,
    ],
  ],
  Array [
    "a->b",
    Array [
      "call",
      8,
      "bouncingPromiseResolve",
      2,
      0,
    ],
  ],
  Array [
    "b->a",
    Array [
      "resolve",
      8,
      null,
      2,
    ],
  ],
  Array [
    "a->b",
    Array [
      "resolve",
      6,
      null,
      2,
    ],
  ],
  Array [
    "b->a",
    Array [
      "resolve",
      7,
      null,
      2,
    ],
  ],
  Array [
    "a->b",
    Array [
      "resolve",
      5,
      null,
      2,
    ],
  ],
  Array [
    "b->a",
    Array [
      "resolve",
      6,
      null,
      2,
    ],
  ],
  Array [
    "a->b",
    Array [
      "resolve",
      4,
      null,
      2,
    ],
  ],
  Array [
    "b->a",
    Array [
      "resolve",
      5,
      null,
      2,
    ],
  ],
  Array [
    "a->b",
    Array [
      "resolve",
      3,
      null,
      2,
    ],
  ],
  Array [
    "b->a",
    Array [
      "resolve",
      4,
      null,
      2,
    ],
  ],
  Array [
    "a->b",
    Array [
      "resolve",
      2,
      null,
      2,
    ],
  ],
  Array [
    "b->a",
    Array [
      "resolve",
      3,
      null,
      2,
    ],
  ],
  Array [
    "b->a",
    1234,
  ],
  Array [
    "b->a",
    null,
  ],
  Array [
    "b->a",
    Object {},
  ],
  Array [
    "b->a",
    Array [],
  ],
  Array [
    "b->a",
    Array [
      "missingno",
      1,
      2,
      3,
    ],
  ],
  Array [
    "b->a",
    Array [
      "call",
      null,
      1,
      1,
    ],
  ],
  Array [
    "b->a",
    Array [
      "call",
      1,
      Object {},
      1,
    ],
  ],
]
`;
