// Jest Snapshot v1, https://goo.gl/fbAQLP

exports[`flatted 1`] = `
Array [
  Array [
    "[0]",
  ],
  Array [
    "[{\\"a\\":\\"1\\",\\"b\\":\\"2\\"},\\"abc\\",[1,2,3]]",
  ],
  Array [
    1,
  ],
  Array [
    Object {
      "a": [Circular],
    },
  ],
]
`;
