// Jest Snapshot v1, https://goo.gl/fbAQLP

exports[` 1`] = `
Array [
  Array [
    Array [
      0,
    ],
    Array [
      4,
    ],
  ],
  Array [
    Array [
      1,
    ],
    Array [
      2,
    ],
    Array [
      3,
    ],
  ],
  Array [
    Array [
      2,
    ],
    Array [
      3,
    ],
    Array [
      6,
    ],
  ],
  Array [
    Array [
      3,
    ],
    Array [
      4,
    ],
    Array [
      5,
    ],
    Array [
      6,
    ],
  ],
]
`;
