{
  product: {
    type: "@escad/core/LeafProduct/ProductB",
  },
  type: "UnknownProduct",
}