[
  "create",
  "id",
  "productType",
  "isProductA",
  "convert",
]