{
  id: "@escad/core/LeafProduct/ProductA",
  type: "LeafProductType",
}