[
  [
    "store0",
    "lookupRaw",
    "9057425f657d25f62d1adaf518df899b1703b0694e6f3e0a2ea64457be49b90f",
  ],
  [
    "store1",
    "lookupRaw",
    "9057425f657d25f62d1adaf518df899b1703b0694e6f3e0a2ea64457be49b90f",
  ],
  [
    "store0",
    "lookupRaw",
    "9057425f657d25f62d1adaf518df899b1703b0694e6f3e0a2ea64457be49b90f",
  ],
  [
    "store0",
    "storeRaw",
    "9057425f657d25f62d1adaf518df899b1703b0694e6f3e0a2ea64457be49b90f",
    {
      value: {
        isTestArtifact: true,
      },
    },
  ],
  [
    "store1",
    "storeRaw",
    "9057425f657d25f62d1adaf518df899b1703b0694e6f3e0a2ea64457be49b90f",
    {
      value: {
        isTestArtifact: true,
      },
    },
  ],
  [
    "store0",
    "storeRaw",
    "9057425f657d25f62d1adaf518df899b1703b0694e6f3e0a2ea64457be49b90f",
    {
      value: {
        isTestArtifact: true,
      },
    },
  ],
  [
    "store0",
    "lookupRaw",
    "6e9c3da9ea693b2a19048fc7312e0c877018aa0ee5195867051372f2e58dadd0",
  ],
  [
    "store1",
    "lookupRaw",
    "6e9c3da9ea693b2a19048fc7312e0c877018aa0ee5195867051372f2e58dadd0",
  ],
  [
    "store0",
    "lookupRaw",
    "6e9c3da9ea693b2a19048fc7312e0c877018aa0ee5195867051372f2e58dadd0",
  ],
  [
    "store0",
    "storeRaw",
    "6e9c3da9ea693b2a19048fc7312e0c877018aa0ee5195867051372f2e58dadd0",
    {
      value: "0a843fe2c3373dd9f5072dc37674ccab20eb807c564ca34b6384e4cae0f318c2",
    },
  ],
  [
    "store1",
    "storeRaw",
    "6e9c3da9ea693b2a19048fc7312e0c877018aa0ee5195867051372f2e58dadd0",
    {
      value: "0a843fe2c3373dd9f5072dc37674ccab20eb807c564ca34b6384e4cae0f318c2",
    },
  ],
  [
    "store0",
    "storeRaw",
    "6e9c3da9ea693b2a19048fc7312e0c877018aa0ee5195867051372f2e58dadd0",
    {
      value: "0a843fe2c3373dd9f5072dc37674ccab20eb807c564ca34b6384e4cae0f318c2",
    },
  ],
  [
    "store0",
    "lookupRaw",
    "fbbc3210f76789ad2ef86aec42dc8b3a296acd023029768e82ae7704e2ec28a6",
  ],
  [
    "store1",
    "lookupRaw",
    "fbbc3210f76789ad2ef86aec42dc8b3a296acd023029768e82ae7704e2ec28a6",
  ],
  [
    "store0",
    "lookupRaw",
    "fbbc3210f76789ad2ef86aec42dc8b3a296acd023029768e82ae7704e2ec28a6",
  ],
  [
    "store0",
    "storeRaw",
    "fbbc3210f76789ad2ef86aec42dc8b3a296acd023029768e82ae7704e2ec28a6",
    {
      value: "@escad/core/Test/ArtifactTest",
    },
  ],
  [
    "store1",
    "storeRaw",
    "fbbc3210f76789ad2ef86aec42dc8b3a296acd023029768e82ae7704e2ec28a6",
    {
      value: "@escad/core/Test/ArtifactTest",
    },
  ],
  [
    "store0",
    "storeRaw",
    "fbbc3210f76789ad2ef86aec42dc8b3a296acd023029768e82ae7704e2ec28a6",
    {
      value: "@escad/core/Test/ArtifactTest",
    },
  ],
  [
    "store0",
    "lookupRef",
    [
      {
        isTestArtifact: true,
      },
      "0a843fe2c3373dd9f5072dc37674ccab20eb807c564ca34b6384e4cae0f318c2",
      "@escad/core/Test/ArtifactTest",
    ],
  ],
  [
    "store1",
    "lookupRef",
    [
      {
        isTestArtifact: true,
      },
      "0a843fe2c3373dd9f5072dc37674ccab20eb807c564ca34b6384e4cae0f318c2",
      "@escad/core/Test/ArtifactTest",
    ],
  ],
  [
    "store0",
    "storeRaw",
    "6d861320c1c2dd822c9d766782f0f6144cf66ab818f601ba4466493bbdf76778",
    {
      value: {
        test0: true,
      },
    },
  ],
  [
    "store1",
    "storeRaw",
    "6d861320c1c2dd822c9d766782f0f6144cf66ab818f601ba4466493bbdf76778",
    {
      value: {
        test0: true,
      },
    },
  ],
  [
    "store0",
    "lookupRef",
    [
      {
        isTestArtifact: true,
      },
      "0a843fe2c3373dd9f5072dc37674ccab20eb807c564ca34b6384e4cae0f318c2",
      "@escad/core/Test/ArtifactTest",
    ],
  ],
  [
    "store0",
    "storeRef",
    [
      {
        isTestArtifact: true,
      },
      "0a843fe2c3373dd9f5072dc37674ccab20eb807c564ca34b6384e4cae0f318c2",
      "@escad/core/Test/ArtifactTest",
    ],
    "9057425f657d25f62d1adaf518df899b1703b0694e6f3e0a2ea64457be49b90f",
  ],
  [
    "store1",
    "storeRef",
    [
      {
        isTestArtifact: true,
      },
      "0a843fe2c3373dd9f5072dc37674ccab20eb807c564ca34b6384e4cae0f318c2",
      "@escad/core/Test/ArtifactTest",
    ],
    "9057425f657d25f62d1adaf518df899b1703b0694e6f3e0a2ea64457be49b90f",
  ],
  [
    "store0",
    "storeRaw",
    "9057425f657d25f62d1adaf518df899b1703b0694e6f3e0a2ea64457be49b90f",
    {
      value: {
        isTestArtifact: true,
      },
    },
  ],
  [
    "store1",
    "storeRaw",
    "9057425f657d25f62d1adaf518df899b1703b0694e6f3e0a2ea64457be49b90f",
    {
      value: {
        isTestArtifact: true,
      },
    },
  ],
  [
    "store0",
    "storeRaw",
    "9057425f657d25f62d1adaf518df899b1703b0694e6f3e0a2ea64457be49b90f",
    {
      value: {
        isTestArtifact: true,
      },
    },
  ],
  [
    "store1",
    "storeRaw",
    "9057425f657d25f62d1adaf518df899b1703b0694e6f3e0a2ea64457be49b90f",
    {
      value: {
        isTestArtifact: true,
      },
    },
  ],
  [
    "store0",
    "storeRaw",
    "6e9c3da9ea693b2a19048fc7312e0c877018aa0ee5195867051372f2e58dadd0",
    {
      value: "0a843fe2c3373dd9f5072dc37674ccab20eb807c564ca34b6384e4cae0f318c2",
    },
  ],
  [
    "store1",
    "storeRaw",
    "6e9c3da9ea693b2a19048fc7312e0c877018aa0ee5195867051372f2e58dadd0",
    {
      value: "0a843fe2c3373dd9f5072dc37674ccab20eb807c564ca34b6384e4cae0f318c2",
    },
  ],
  [
    "store0",
    "storeRaw",
    "fbbc3210f76789ad2ef86aec42dc8b3a296acd023029768e82ae7704e2ec28a6",
    {
      value: "@escad/core/Test/ArtifactTest",
    },
  ],
  [
    "store1",
    "storeRaw",
    "fbbc3210f76789ad2ef86aec42dc8b3a296acd023029768e82ae7704e2ec28a6",
    {
      value: "@escad/core/Test/ArtifactTest",
    },
  ],
  [
    "store0",
    "storeRef",
    [
      ,
    ],
    "6e9c3da9ea693b2a19048fc7312e0c877018aa0ee5195867051372f2e58dadd0",
  ],
  [
    "store0",
    "storeRaw",
    "6e9c3da9ea693b2a19048fc7312e0c877018aa0ee5195867051372f2e58dadd0",
    {
      value: "0a843fe2c3373dd9f5072dc37674ccab20eb807c564ca34b6384e4cae0f318c2",
    },
  ],
]