{
  children: [
    {
      type: "@escad/core/LeafProduct/ProductA",
    },
    {
      type: "@escad/core/LeafProduct/ProductA",
    },
  ],
  type: "ArrayProduct",
}