{
  elementType: {
    id: "@escad/core/LeafProduct/ProductA",
    type: "LeafProductType",
  },
  type: "ArrayProductType",
}