export const snapshot = {};

snapshot[`createConnectionPair 1`] = `
[
  [
    [
      0,
    ],
    [
      4,
    ],
  ],
  [
    [
      1,
    ],
    [
      2,
    ],
    [
      3,
    ],
  ],
  [
    [
      2,
    ],
    [
      3,
    ],
    [
      6,
    ],
  ],
  [
    [
      3,
    ],
    [
      4,
    ],
    [
      5,
    ],
    [
      6,
    ],
  ],
]
`;
