"Duplicate ids created under @escad/core/Test/test0"