// Jest Snapshot v1, https://goo.gl/fbAQLP

exports[`Hash.create 1`] = `
Array [
  "e1bbecd17b1905a236137f93b07cabab81fbf18a6e0ab2b0802011aae56f55fa",
  "5573d8bbf88d623e1f0550799b2d0cc0bf85526e54f9b349ed86b3e0e770ab72",
  "6fcf595f4cfa371c511dc4f45b94d0e6c1f2234e0f7c2c27bc9ceaa908701194",
  "e0c139b0563d1ef870d3b0a791ac6fd98f80234ee77cec7a948c1c830c594c2d",
]
`;
