// Jest Snapshot v1, https://goo.gl/fbAQLP

exports[` 1`] = `
Array [
  Array [
    Uint8Array [
      6,
      0,
      0,
      0,
      110,
      117,
      109,
      98,
      101,
      114,
      0,
      0,
      0,
      0,
      0,
      0,
      0,
      0,
    ],
  ],
  Array [
    Uint8Array [
      6,
      0,
      0,
      0,
      111,
      98,
      106,
      101,
      99,
      116,
      2,
      0,
      0,
      0,
      1,
      0,
      0,
      0,
      97,
      6,
      0,
      0,
      0,
      115,
      116,
      114,
      105,
      110,
      103,
      3,
      0,
      0,
      0,
      97,
      98,
      99,
      1,
      0,
      0,
      0,
      98,
      5,
      0,
      0,
      0,
      65,
      114,
      114,
      97,
      121,
      3,
      0,
      0,
      0,
      6,
      0,
      0,
      0,
      110,
      117,
      109,
      98,
      101,
      114,
      0,
      0,
      0,
      0,
      0,
      0,
      240,
      63,
      6,
      0,
      0,
      0,
      110,
      117,
      109,
      98,
      101,
      114,
      0,
      0,
      0,
      0,
      0,
      0,
      0,
      64,
      6,
      0,
      0,
      0,
      110,
      117,
      109,
      98,
      101,
      114,
      0,
      0,
      0,
      0,
      0,
      0,
      8,
      64,
    ],
  ],
]
`;
