Map {
  false => [
      "00 ",
    ],
  true => [
      "01 ",
    ],
}