Map {
  0 => [
      "00 00 00 00 ",
    ],
  0.0000152587890625 => [
      "00 00 80 37 ",
    ],
  0.0078125 => [
      "00 00 00 3c ",
    ],
  0.015625 => [
      "00 00 80 3c ",
    ],
  1 => [
      "00 00 80 3f ",
    ],
  1.25 => [
      "00 00 a0 3f ",
    ],
  154320.875 => [
      "38 b4 16 48 ",
    ],
  2.3283064365386963e-10 => [
      "00 00 80 2f ",
    ],
  3.8125 => [
      "00 00 74 40 ",
    ],
  30.75 => [
      "00 00 f6 41 ",
    ],
}