Map {
  0 => [
      "00 00 00 00 ",
    ],
  0.0000152587890625 => [
      "37 80 00 00 ",
    ],
  0.0078125 => [
      "3c 00 00 00 ",
    ],
  0.015625 => [
      "3c 80 00 00 ",
    ],
  1 => [
      "3f 80 00 00 ",
    ],
  1.25 => [
      "3f a0 00 00 ",
    ],
  154320.875 => [
      "48 16 b4 38 ",
    ],
  2.3283064365386963e-10 => [
      "2f 80 00 00 ",
    ],
  3.8125 => [
      "40 74 00 00 ",
    ],
  30.75 => [
      "41 f6 00 00 ",
    ],
}