Map {
  0 => [
      "00 00 00 00 00 00 00 00 ",
    ],
  0.0000152587890625 => [
      "3e f0 00 00 00 00 00 00 ",
    ],
  0.0078125 => [
      "3f 80 00 00 00 00 00 00 ",
    ],
  0.015625 => [
      "3f 90 00 00 00 00 00 00 ",
    ],
  1 => [
      "3f f0 00 00 00 00 00 00 ",
    ],
  1.25 => [
      "3f f4 00 00 00 00 00 00 ",
    ],
  154320.875 => [
      "41 02 d6 87 00 00 00 00 ",
    ],
  2.3283064365386963e-10 => [
      "3d f0 00 00 00 00 00 00 ",
    ],
  3.8125 => [
      "40 0e 80 00 00 00 00 00 ",
    ],
  30.75 => [
      "40 3e c0 00 00 00 00 00 ",
    ],
}