Map {
  0 => [
      "00 00 00 00 00 00 00 00 ",
    ],
  0.0000152587890625 => [
      "00 00 00 00 00 00 f0 3e ",
    ],
  0.0078125 => [
      "00 00 00 00 00 00 80 3f ",
    ],
  0.015625 => [
      "00 00 00 00 00 00 90 3f ",
    ],
  1 => [
      "00 00 00 00 00 00 f0 3f ",
    ],
  1.25 => [
      "00 00 00 00 00 00 f4 3f ",
    ],
  154320.875 => [
      "00 00 00 00 87 d6 02 41 ",
    ],
  2.3283064365386963e-10 => [
      "00 00 00 00 00 00 f0 3d ",
    ],
  3.8125 => [
      "00 00 00 00 00 80 0e 40 ",
    ],
  30.75 => [
      "00 00 00 00 00 c0 3e 40 ",
    ],
}