Map {
  -1 => [
      "ff ff ",
    ],
  -128 => [
      "ff 80 ",
    ],
  -32768 => [
      "80 00 ",
    ],
  0 => [
      "00 00 ",
    ],
  1 => [
      "00 01 ",
    ],
  127 => [
      "00 7f ",
    ],
  32767 => [
      "7f ff ",
    ],
}