Map {
  -1 => [
      "ff ",
    ],
  -128 => [
      "80 ",
    ],
  0 => [
      "00 ",
    ],
  1 => [
      "01 ",
    ],
  127 => [
      "7f ",
    ],
}