Map {
  -1 => [
      "ff ff ",
    ],
  -128 => [
      "80 ff ",
    ],
  -32768 => [
      "00 80 ",
    ],
  0 => [
      "00 00 ",
    ],
  1 => [
      "01 00 ",
    ],
  127 => [
      "7f 00 ",
    ],
  32767 => [
      "ff 7f ",
    ],
}