Map {
  {
      "123": 456,
      abc: "def",
    } => [
      "17 00 00 00 7b 22 31 32 33 22 3a 34 35 36 2c 22",
      "61 62 63 22 3a 22 64 65 66 22 7d ",
    ],
}