Map {
  -1.234 => [
      "58 39 b4 c8 76 be f3 bf ",
    ],
  -9007199254740991 => [
      "ff ff ff ff ff ff 3f c3 ",
    ],
  -Infinity => [
      "00 00 00 00 00 00 f0 ff ",
    ],
  0 => [
      "00 00 00 00 00 00 00 00 ",
    ],
  0.7071067811865476 => [
      "cd 3b 7f 66 9e a0 e6 3f ",
    ],
  1 => [
      "00 00 00 00 00 00 f0 3f ",
    ],
  1.048576e+26 => [
      "40 8c b5 78 1d af 55 45 ",
    ],
  1.4142135623730951 => [
      "cd 3b 7f 66 9e a0 f6 3f ",
    ],
  1.7976931348623157e+308 => [
      "ff ff ff ff ff ff ef 7f ",
    ],
  1000 => [
      "00 00 00 00 00 40 8f 40 ",
    ],
  1048576 => [
      "00 00 00 00 00 00 30 41 ",
    ],
  2.220446049250313e-16 => [
      "00 00 00 00 00 00 b0 3c ",
    ],
  2.718281828459045 => [
      "69 57 14 8b 0a bf 05 40 ",
    ],
  3.141592653589793 => [
      "18 2d 44 54 fb 21 09 40 ",
    ],
  5e-324 => [
      "01 00 00 00 00 00 00 00 ",
    ],
  9007199254740991 => [
      "ff ff ff ff ff ff 3f 43 ",
    ],
  Infinity => [
      "00 00 00 00 00 00 f0 7f ",
    ],
  NaN => [
      "01 00 00 00 00 00 f0 7f ",
    ],
}