Map {
  0 => [
      "00 00 00 00 ",
    ],
  1 => [
      "00 00 00 01 ",
    ],
  255 => [
      "00 00 00 ff ",
    ],
  4294967295 => [
      "ff ff ff ff ",
    ],
  65535 => [
      "00 00 ff ff ",
    ],
}