Map {
  0 => [
      "00 ",
    ],
  1 => [
      "01 ",
    ],
  255 => [
      "ff ",
    ],
}