Map {
  0 => [
      "00 00 00 00 ",
    ],
  1 => [
      "01 00 00 00 ",
    ],
  255 => [
      "ff 00 00 00 ",
    ],
  4294967295 => [
      "ff ff ff ff ",
    ],
  65535 => [
      "ff ff 00 00 ",
    ],
}