Map {
  0 => [
      "00 00 ",
    ],
  1 => [
      "01 00 ",
    ],
  255 => [
      "ff 00 ",
    ],
  65535 => [
      "ff ff ",
    ],
}