Map {
  0 => [
      "00 00 ",
    ],
  1 => [
      "00 01 ",
    ],
  255 => [
      "00 ff ",
    ],
  65535 => [
      "ff ff ",
    ],
}