Map {
  {
      cube: {
        faces: [
          {
            points: [
              {
                type: "Vector3",
                x: 1,
                y: 1,
                z: 1,
              },
              {
                type: "Vector3",
                x: -1,
                y: 1,
                z: 1,
              },
              {
                type: "Vector3",
                x: 1,
                y: -1,
                z: 1,
              },
            ],
            type: "Face",
          },
          {
            points: [
              {
                type: "Vector3",
                x: -1,
                y: -1,
                z: 1,
              },
              {
                type: "Vector3",
                x: 1,
                y: -1,
                z: 1,
              },
              {
                type: "Vector3",
                x: -1,
                y: 1,
                z: 1,
              },
            ],
            type: "Face",
          },
          {
            points: [
              {
                type: "Vector3",
                x: 1,
                y: -1,
                z: -1,
              },
              {
                type: "Vector3",
                x: -1,
                y: 1,
                z: -1,
              },
              {
                type: "Vector3",
                x: 1,
                y: 1,
                z: -1,
              },
            ],
            type: "Face",
          },
          {
            points: [
              {
                type: "Vector3",
                x: -1,
                y: 1,
                z: -1,
              },
              {
                type: "Vector3",
                x: 1,
                y: -1,
                z: -1,
              },
              {
                type: "Vector3",
                x: -1,
                y: -1,
                z: -1,
              },
            ],
            type: "Face",
          },
          {
            points: [
              {
                type: "Vector3",
                x: 1,
                y: 1,
                z: -1,
              },
              {
                type: "Vector3",
                x: -1,
                y: 1,
                z: 1,
              },
              {
                type: "Vector3",
                x: 1,
                y: 1,
                z: 1,
              },
            ],
            type: "Face",
          },
          {
            points: [
              {
                type: "Vector3",
                x: -1,
                y: 1,
                z: -1,
              },
              {
                type: "Vector3",
                x: -1,
                y: 1,
                z: 1,
              },
              {
                type: "Vector3",
                x: 1,
                y: 1,
                z: -1,
              },
            ],
            type: "Face",
          },
          {
            points: [
              {
                type: "Vector3",
                x: 1,
                y: -1,
                z: -1,
              },
              {
                type: "Vector3",
                x: 1,
                y: -1,
                z: 1,
              },
              {
                type: "Vector3",
                x: -1,
                y: -1,
                z: 1,
              },
            ],
            type: "Face",
          },
          {
            points: [
              {
                type: "Vector3",
                x: 1,
                y: -1,
                z: -1,
              },
              {
                type: "Vector3",
                x: -1,
                y: -1,
                z: 1,
              },
              {
                type: "Vector3",
                x: -1,
                y: -1,
                z: -1,
              },
            ],
            type: "Face",
          },
          {
            points: [
              {
                type: "Vector3",
                x: -1,
                y: 1,
                z: 1,
              },
              {
                type: "Vector3",
                x: -1,
                y: -1,
                z: -1,
              },
              {
                type: "Vector3",
                x: -1,
                y: -1,
                z: 1,
              },
            ],
            type: "Face",
          },
          {
            points: [
              {
                type: "Vector3",
                x: -1,
                y: 1,
                z: -1,
              },
              {
                type: "Vector3",
                x: -1,
                y: -1,
                z: -1,
              },
              {
                type: "Vector3",
                x: -1,
                y: 1,
                z: 1,
              },
            ],
            type: "Face",
          },
          {
            points: [
              {
                type: "Vector3",
                x: 1,
                y: 1,
                z: -1,
              },
              {
                type: "Vector3",
                x: 1,
                y: 1,
                z: 1,
              },
              {
                type: "Vector3",
                x: 1,
                y: -1,
                z: 1,
              },
            ],
            type: "Face",
          },
          {
            points: [
              {
                type: "Vector3",
                x: 1,
                y: -1,
                z: -1,
              },
              {
                type: "Vector3",
                x: 1,
                y: 1,
                z: -1,
              },
              {
                type: "Vector3",
                x: 1,
                y: -1,
                z: 1,
              },
            ],
            type: "Face",
          },
        ],
        type: "Mesh",
      },
      lorem: "Lorem ipsum dolor sit amet, consectetur adipiscing elit, sed do eiusmod tempor incididunt ut labore ...",
      map: Map {
        "e" => "east",
        "n" => "north",
        "s" => "south",
        "soggy waffles" => "never eat them",
        "w" => "west",
      },
      null: null,
      origin: {
        type: "Vector3",
        x: 0,
        y: 0,
        z: 0,
      },
      set: Set {
        11,
        2,
        3,
        5,
        7,
      },
      undefined: undefined,
      x: "abc",
      y: 123,
      z: [
        NaN,
        NaN,
        NaN,
        NaN,
        NaN,
        NaN,
        NaN,
        NaN,
        NaN,
        NaN,
        NaN,
        NaN,
        NaN,
        "Batman!",
      ],
    } => [
      "06 00 00 00 6f 62 6a 65 63 74 0a 00 00 00 01 00",
      "00 00 78 06 00 00 00 73 74 72 69 6e 67 03 00 00",
      "00 61 62 63 01 00 00 00 79 06 00 00 00 6e 75 6d",
      "62 65 72 00 00 00 00 00 c0 5e 40 01 00 00 00 7a",
      "05 00 00 00 41 72 72 61 79 0e 00 00 00 06 00 00",
      "00 6e 75 6d 62 65 72 01 00 00 00 00 00 f0 7f 06",
      "00 00 00 6e 75 6d 62 65 72 01 00 00 00 00 00 f0",
      "7f 06 00 00 00 6e 75 6d 62 65 72 01 00 00 00 00",
      "00 f0 7f 06 00 00 00 6e 75 6d 62 65 72 01 00 00",
      "00 00 00 f0 7f 06 00 00 00 6e 75 6d 62 65 72 01",
      "00 00 00 00 00 f0 7f 06 00 00 00 6e 75 6d 62 65",
      "72 01 00 00 00 00 00 f0 7f 06 00 00 00 6e 75 6d",
      "62 65 72 01 00 00 00 00 00 f0 7f 06 00 00 00 6e",
      "75 6d 62 65 72 01 00 00 00 00 00 f0 7f 06 00 00",
      "00 6e 75 6d 62 65 72 01 00 00 00 00 00 f0 7f 06",
      "00 00 00 6e 75 6d 62 65 72 01 00 00 00 00 00 f0",
      "7f 06 00 00 00 6e 75 6d 62 65 72 01 00 00 00 00",
      "00 f0 7f 06 00 00 00 6e 75 6d 62 65 72 01 00 00",
      "00 00 00 f0 7f 06 00 00 00 6e 75 6d 62 65 72 01",
      "00 00 00 00 00 f0 7f 06 00 00 00 73 74 72 69 6e",
      "67 07 00 00 00 42 61 74 6d 61 6e 21 05 00 00 00",
      "6c 6f 72 65 6d 06 00 00 00 73 74 72 69 6e 67 bd",
      "01 00 00 4c 6f 72 65 6d 20 69 70 73 75 6d 20 64",
      "6f 6c 6f 72 20 73 69 74 20 61 6d 65 74 2c 20 63",
      "6f 6e 73 65 63 74 65 74 75 72 20 61 64 69 70 69",
      "73 63 69 6e 67 20 65 6c 69 74 2c 20 73 65 64 20",
      "64 6f 20 65 69 75 73 6d 6f 64 20 74 65 6d 70 6f",
      "72 20 69 6e 63 69 64 69 64 75 6e 74 20 75 74 20",
      "6c 61 62 6f 72 65 20 65 74 20 64 6f 6c 6f 72 65",
      "20 6d 61 67 6e 61 20 61 6c 69 71 75 61 2e 20 55",
      "74 20 65 6e 69 6d 20 61 64 20 6d 69 6e 69 6d 20",
      "76 65 6e 69 61 6d 2c 20 71 75 69 73 20 6e 6f 73",
      "74 72 75 64 20 65 78 65 72 63 69 74 61 74 69 6f",
      "6e 20 75 6c 6c 61 6d 63 6f 20 6c 61 62 6f 72 69",
      "73 20 6e 69 73 69 20 75 74 20 61 6c 69 71 75 69",
      "70 20 65 78 20 65 61 20 63 6f 6d 6d 6f 64 6f 20",
      "63 6f 6e 73 65 71 75 61 74 2e 20 44 75 69 73 20",
      "61 75 74 65 20 69 72 75 72 65 20 64 6f 6c 6f 72",
      "20 69 6e 20 72 65 70 72 65 68 65 6e 64 65 72 69",
      "74 20 69 6e 20 76 6f 6c 75 70 74 61 74 65 20 76",
      "65 6c 69 74 20 65 73 73 65 20 63 69 6c 6c 75 6d",
      "20 64 6f 6c 6f 72 65 20 65 75 20 66 75 67 69 61",
      "74 20 6e 75 6c 6c 61 20 70 61 72 69 61 74 75 72",
      "2e 20 45 78 63 65 70 74 65 75 72 20 73 69 6e 74",
      "20 6f 63 63 61 65 63 61 74 20 63 75 70 69 64 61",
      "74 61 74 20 6e 6f 6e 20 70 72 6f 69 64 65 6e 74",
      "2c 20 73 75 6e 74 20 69 6e 20 63 75 6c 70 61 20",
      "71 75 69 20 6f 66 66 69 63 69 61 20 64 65 73 65",
      "72 75 6e 74 20 6d 6f 6c 6c 69 74 20 61 6e 69 6d",
      "20 69 64 20 65 73 74 20 6c 61 62 6f 72 75 6d 2e",
      "03 00 00 00 6d 61 70 03 00 00 00 4d 61 70 05 00",
      "00 00 06 00 00 00 73 74 72 69 6e 67 01 00 00 00",
      "6e 06 00 00 00 73 74 72 69 6e 67 05 00 00 00 6e",
      "6f 72 74 68 06 00 00 00 73 74 72 69 6e 67 01 00",
      "00 00 65 06 00 00 00 73 74 72 69 6e 67 04 00 00",
      "00 65 61 73 74 06 00 00 00 73 74 72 69 6e 67 01",
      "00 00 00 73 06 00 00 00 73 74 72 69 6e 67 05 00",
      "00 00 73 6f 75 74 68 06 00 00 00 73 74 72 69 6e",
      "67 01 00 00 00 77 06 00 00 00 73 74 72 69 6e 67",
      "04 00 00 00 77 65 73 74 06 00 00 00 73 74 72 69",
      "6e 67 0d 00 00 00 73 6f 67 67 79 20 77 61 66 66",
      "6c 65 73 06 00 00 00 73 74 72 69 6e 67 0e 00 00",
      "00 6e 65 76 65 72 20 65 61 74 20 74 68 65 6d 03",
      "00 00 00 73 65 74 03 00 00 00 53 65 74 05 00 00",
      "00 06 00 00 00 6e 75 6d 62 65 72 00 00 00 00 00",
      "00 00 40 06 00 00 00 6e 75 6d 62 65 72 00 00 00",
      "00 00 00 08 40 06 00 00 00 6e 75 6d 62 65 72 00",
      "00 00 00 00 00 14 40 06 00 00 00 6e 75 6d 62 65",
      "72 00 00 00 00 00 00 1c 40 06 00 00 00 6e 75 6d",
      "62 65 72 00 00 00 00 00 00 26 40 04 00 00 00 6e",
      "75 6c 6c 04 00 00 00 6e 75 6c 6c 09 00 00 00 75",
      "6e 64 65 66 69 6e 65 64 09 00 00 00 75 6e 64 65",
      "66 69 6e 65 64 06 00 00 00 6f 72 69 67 69 6e 07",
      "00 00 00 56 65 63 74 6f 72 33 00 00 00 00 00 00",
      "00 00 00 00 00 00 00 00 00 00 00 00 00 00 00 00",
      "00 00 04 00 00 00 63 75 62 65 04 00 00 00 4d 65",
      "73 68 0c 00 00 00 00 00 00 00 00 00 f0 3f 00 00",
      "00 00 00 00 f0 3f 00 00 00 00 00 00 f0 3f 00 00",
      "00 00 00 00 f0 bf 00 00 00 00 00 00 f0 3f 00 00",
      "00 00 00 00 f0 3f 00 00 00 00 00 00 f0 3f 00 00",
      "00 00 00 00 f0 bf 00 00 00 00 00 00 f0 3f 00 00",
      "00 00 00 00 f0 bf 00 00 00 00 00 00 f0 bf 00 00",
      "00 00 00 00 f0 3f 00 00 00 00 00 00 f0 3f 00 00",
      "00 00 00 00 f0 bf 00 00 00 00 00 00 f0 3f 00 00",
      "00 00 00 00 f0 bf 00 00 00 00 00 00 f0 3f 00 00",
      "00 00 00 00 f0 3f 00 00 00 00 00 00 f0 3f 00 00",
      "00 00 00 00 f0 bf 00 00 00 00 00 00 f0 bf 00 00",
      "00 00 00 00 f0 bf 00 00 00 00 00 00 f0 3f 00 00",
      "00 00 00 00 f0 bf 00 00 00 00 00 00 f0 3f 00 00",
      "00 00 00 00 f0 3f 00 00 00 00 00 00 f0 bf 00 00",
      "00 00 00 00 f0 bf 00 00 00 00 00 00 f0 3f 00 00",
      "00 00 00 00 f0 bf 00 00 00 00 00 00 f0 3f 00 00",
      "00 00 00 00 f0 bf 00 00 00 00 00 00 f0 bf 00 00",
      "00 00 00 00 f0 bf 00 00 00 00 00 00 f0 bf 00 00",
      "00 00 00 00 f0 bf 00 00 00 00 00 00 f0 3f 00 00",
      "00 00 00 00 f0 3f 00 00 00 00 00 00 f0 bf 00 00",
      "00 00 00 00 f0 bf 00 00 00 00 00 00 f0 3f 00 00",
      "00 00 00 00 f0 3f 00 00 00 00 00 00 f0 3f 00 00",
      "00 00 00 00 f0 3f 00 00 00 00 00 00 f0 3f 00 00",
      "00 00 00 00 f0 bf 00 00 00 00 00 00 f0 3f 00 00",
      "00 00 00 00 f0 bf 00 00 00 00 00 00 f0 bf 00 00",
      "00 00 00 00 f0 3f 00 00 00 00 00 00 f0 3f 00 00",
      "00 00 00 00 f0 3f 00 00 00 00 00 00 f0 3f 00 00",
      "00 00 00 00 f0 bf 00 00 00 00 00 00 f0 3f 00 00",
      "00 00 00 00 f0 bf 00 00 00 00 00 00 f0 bf 00 00",
      "00 00 00 00 f0 3f 00 00 00 00 00 00 f0 bf 00 00",
      "00 00 00 00 f0 3f 00 00 00 00 00 00 f0 bf 00 00",
      "00 00 00 00 f0 bf 00 00 00 00 00 00 f0 3f 00 00",
      "00 00 00 00 f0 3f 00 00 00 00 00 00 f0 bf 00 00",
      "00 00 00 00 f0 bf 00 00 00 00 00 00 f0 bf 00 00",
      "00 00 00 00 f0 bf 00 00 00 00 00 00 f0 3f 00 00",
      "00 00 00 00 f0 bf 00 00 00 00 00 00 f0 bf 00 00",
      "00 00 00 00 f0 bf 00 00 00 00 00 00 f0 bf 00 00",
      "00 00 00 00 f0 3f 00 00 00 00 00 00 f0 3f 00 00",
      "00 00 00 00 f0 bf 00 00 00 00 00 00 f0 bf 00 00",
      "00 00 00 00 f0 bf 00 00 00 00 00 00 f0 bf 00 00",
      "00 00 00 00 f0 bf 00 00 00 00 00 00 f0 3f 00 00",
      "00 00 00 00 f0 bf 00 00 00 00 00 00 f0 3f 00 00",
      "00 00 00 00 f0 bf 00 00 00 00 00 00 f0 bf 00 00",
      "00 00 00 00 f0 bf 00 00 00 00 00 00 f0 bf 00 00",
      "00 00 00 00 f0 bf 00 00 00 00 00 00 f0 3f 00 00",
      "00 00 00 00 f0 3f 00 00 00 00 00 00 f0 3f 00 00",
      "00 00 00 00 f0 3f 00 00 00 00 00 00 f0 bf 00 00",
      "00 00 00 00 f0 3f 00 00 00 00 00 00 f0 3f 00 00",
      "00 00 00 00 f0 3f 00 00 00 00 00 00 f0 3f 00 00",
      "00 00 00 00 f0 bf 00 00 00 00 00 00 f0 3f 00 00",
      "00 00 00 00 f0 3f 00 00 00 00 00 00 f0 bf 00 00",
      "00 00 00 00 f0 bf 00 00 00 00 00 00 f0 3f 00 00",
      "00 00 00 00 f0 3f 00 00 00 00 00 00 f0 bf 00 00",
      "00 00 00 00 f0 3f 00 00 00 00 00 00 f0 bf 00 00",
      "00 00 00 00 f0 3f ",
    ],
}